LOOKUP(0, foo) -> [NULL]
LOOKUP(0, food) -> 234345
LOOKUP(0, kite) -> 234345
LOOKUP(0, kited) -> [NULL]
LOOKUP(0, incident) -> 234345
LOOKUP(0, dapperly) -> [NULL]
LOOKUP(2, loving) -> [NULL]
LOOKUP(1, earnestness) -> [NULL]
LOOKUP(2, airgraphics) -> [NULL]
LOOKUP(0, upwaft) -> [NULL]
LOOKUP(2, earnestness) -> [NULL]
LOOKUP(0, superexpansion) -> [NULL]
LOOKUP(1, trinitroresorcin) -> [NULL]
LOOKUP(3, unsocially) -> [NULL]
LOOKUP(1, superexpansion) -> [NULL]
LOOKUP(1, Lethocerus) -> [NULL]
LOOKUP(3, scurrilize) -> 192.168.1.108:1234_123223
LOOKUP(3, anthracitization) -> [NULL]
LOOKUP(3, insomnolency) -> 234345
LOOKUP(1, uncloak) -> [NULL]
LOOKUP(2, concordist) -> [NULL]
LOOKUP(1, hardback) -> [NULL]
LOOKUP(0, stenostomia) -> [NULL]
LOOKUP(2, gabioned) -> [NULL]
LOOKUP(2, astragalonavicular) -> [NULL]
LOOKUP(1, myodynamics) -> [NULL]
LOOKUP(1, Lethocerus) -> [NULL]
LOOKUP(3, vervelle) -> [NULL]
LOOKUP(3, deozonization) -> [NULL]
LOOKUP(0, Gigartina) -> [NULL]
LOOKUP(3, enchytraeid) -> [NULL]
LOOKUP(2, hesperidin) -> [NULL]
LOOKUP(1, biophysics) -> [NULL]
LOOKUP(3, scurrilize) -> 192.168.1.100:1234_282298
LOOKUP(1, organizatory) -> [NULL]
LOOKUP(3, deozonization) -> 192.168.1.104:1234_712562
LOOKUP(1, arachidonic) -> 192.168.1.104:1234_712562
LOOKUP(2, christcross) -> 192.168.1.104:1234_712562
LOOKUP(3, hesperidin) -> [NULL]
LOOKUP(1, millstream) -> [NULL]
LOOKUP(2, prevailingly) -> [NULL]
LOOKUP(1, anthracitization) -> 192.168.1.104:1234_712562
LOOKUP(0, christcross) -> 192.168.1.104:1234_712562
LOOKUP(2, hyposynaphe) -> 192.168.1.104:1234_712562
LOOKUP(3, anthracitization) -> 192.168.1.104:1234_712562
LOOKUP(1, undistended) -> [NULL]
LOOKUP(0, millstream) -> [NULL]
LOOKUP(0, beefer) -> 192.168.1.104:1234_712562
LOOKUP(1, forbearingly) -> 192.168.1.105:1234_127834
LOOKUP(3, gabioned) -> 192.168.1.105:1234_127834
LOOKUP(3, protopatrician) -> 192.168.1.105:1234_127834
LOOKUP(3, unidentifiably) -> [NULL]
LOOKUP(2, forbearingly) -> 192.168.1.105:1234_127834
LOOKUP(3, palaeographer) -> [NULL]
LOOKUP(3, mannan) -> [NULL]
LOOKUP(1, loving) -> [NULL]
LOOKUP(3, Syriarch) -> 192.168.1.104:1234_712562
LOOKUP(0, perhazard) -> [NULL]
LOOKUP(1, snoove) -> [NULL]
LOOKUP(1, retile) -> 192.168.1.105:1234_127834
LOOKUP(3, regenerateness) -> 192.168.1.105:1234_127834
LOOKUP(2, worldful) -> [NULL]
LOOKUP(1, Parsism) -> [NULL]
LOOKUP(3, expansional) -> 192.168.1.104:1234_712562
LOOKUP(2, Carcharodon) -> [NULL]
LOOKUP(0, cerulein) -> 192.168.1.104:1234_712562
LOOKUP(1, astragalonavicular) -> 192.168.1.104:1234_712562
LOOKUP(1, mannan) -> [NULL]
LOOKUP(3, prevailingly) -> [NULL]
LOOKUP(2, occipitomastoid) -> 192.168.1.101:1234_267346
LOOKUP(2, sarcoma) -> 192.168.1.105:1234_127834
LOOKUP(0, retile) -> 192.168.1.105:1234_127834
LOOKUP(3, phonodynamograph) -> 192.168.1.101:1234_267346
LOOKUP(2, silicotitanate) -> [NULL]
LOOKUP(0, enchytraeid) -> 192.168.1.104:1234_712562
LOOKUP(0, silicotitanate) -> [NULL]
LOOKUP(2, eradicable) -> 192.168.1.104:1234_712562
LOOKUP(0, beefer) -> [NULL]
LOOKUP(3, Teloogoo) -> [NULL]
LOOKUP(0, hyposynaphe) -> 192.168.1.104:1234_712562
LOOKUP(1, rosolite) -> 192.168.1.105:1234_127834
LOOKUP(1, anthracitization) -> 192.168.1.102:1234_982733
LOOKUP(1, perhazard) -> [NULL]
LOOKUP(0, sarcoma) -> 192.168.1.105:1234_127834
LOOKUP(0, newspaperish) -> 192.168.1.102:1234_982733
LOOKUP(0, unsocially) -> [NULL]
LOOKUP(0, Teloogoo) -> [NULL]
LOOKUP(2, snoove) -> [NULL]
LOOKUP(1, silicotitanate) -> [NULL]
LOOKUP(3, backspread) -> [NULL]
LOOKUP(3, Parsism) -> [NULL]
LOOKUP(3, horsewhipper) -> 192.168.1.105:1234_127834
LOOKUP(2, placentate) -> 192.168.1.101:1234_267346
LOOKUP(1, unidentifiably) -> 192.168.1.107:1234_379872
LOOKUP(1, retile) -> 192.168.1.105:1234_127834
LOOKUP(1, snoove) -> 192.168.1.107:1234_379872
LOOKUP(2, vervelle) -> [NULL]
LOOKUP(3, ranklingly) -> 192.168.1.105:1234_127834
LOOKUP(3, Syriarch) -> [NULL]
LOOKUP(1, ranklingly) -> 192.168.1.105:1234_127834
LOOKUP(2, perhazard) -> [NULL]
LOOKUP(2, protopatrician) -> 192.168.1.105:1234_127834
LOOKUP(1, trinitroresorcin) -> [NULL]
LOOKUP(3, silicotitanate) -> 192.168.1.107:1234_379872
LOOKUP(1, deozonization) -> 192.168.1.104:1234_712562
LOOKUP(3, myodynamics) -> 192.168.1.102:1234_982733
LOOKUP(2, newspaperish) -> 192.168.1.102:1234_982733
LOOKUP(3, horsewhipper) -> 192.168.1.105:1234_127834
LOOKUP(3, Ampelosicyos) -> [NULL]
LOOKUP(1, iridoconstrictor) -> [NULL]
LOOKUP(3, waterworm) -> 192.168.1.109:1234_629873
LOOKUP(0, precant) -> 192.168.1.109:1234_629873
LOOKUP(3, torturing) -> [NULL]
LOOKUP(1, monosilane) -> [NULL]
LOOKUP(3, insomnolency) -> [NULL]
LOOKUP(3, anthracitization) -> 192.168.1.102:1234_982733
LOOKUP(0, tyrology) -> [NULL]
LOOKUP(2, Carcharodon) -> [NULL]
LOOKUP(0, mannan) -> [NULL]
LOOKUP(2, meningoencephalocele) -> [NULL]
LOOKUP(0, labyrinthodontid) -> [NULL]
LOOKUP(1, ranklingly) -> 192.168.1.105:1234_127834
LOOKUP(1, worldful) -> 192.168.1.101:1234_267346
LOOKUP(2, unidentifiably) -> 192.168.1.107:1234_379872
LOOKUP(3, tyrology) -> [NULL]
LOOKUP(2, arachidonic) -> 192.168.1.102:1234_982733
LOOKUP(3, greaseproofness) -> [NULL]
LOOKUP(2, incident) -> [NULL]
LOOKUP(2, placentate) -> 192.168.1.100:1234_282298
LOOKUP(3, nonpacifist) -> 192.168.1.102:1234_982733
LOOKUP(2, incident) -> [NULL]
LOOKUP(1, earnestness) -> 192.168.1.104:1234_712562
LOOKUP(3, mannan) -> [NULL]
LOOKUP(2, pycniospore) -> 192.168.1.100:1234_282298
LOOKUP(1, expansional) -> 192.168.1.104:1234_712562
LOOKUP(3, Ampelosicyos) -> [NULL]
LOOKUP(3, seriopantomimic) -> 192.168.1.105:1234_127834
LOOKUP(2, occipitomastoid) -> [NULL]
LOOKUP(3, monosilane) -> [NULL]
LOOKUP(2, palaeographer) -> 192.168.1.108:1234_123223
LOOKUP(1, expansional) -> 192.168.1.104:1234_712562
LOOKUP(2, gabioned) -> [NULL]
LOOKUP(1, overdaringly) -> [NULL]
LOOKUP(2, insomnolency) -> [NULL]
LOOKUP(1, newspaperish) -> 192.168.1.102:1234_982733
LOOKUP(3, eradicable) -> 192.168.1.104:1234_712562
LOOKUP(2, dime) -> 192.168.1.104:1234_712562
LOOKUP(3, polyglotter) -> 192.168.1.100:1234_282298
LOOKUP(0, insomnolency) -> [NULL]
LOOKUP(0, horsewhipper) -> 192.168.1.100:1234_282298
LOOKUP(1, horsewhipper) -> 192.168.1.100:1234_282298
LOOKUP(2, ranklingly) -> 192.168.1.100:1234_282298
LOOKUP(0, biophysics) -> [NULL]
LOOKUP(2, millstream) -> 192.168.1.102:1234_982733
LOOKUP(3, Lethocerus) -> [NULL]
LOOKUP(3, unidentifiably) -> 192.168.1.107:1234_379872
LOOKUP(0, torturing) -> [NULL]
LOOKUP(0, Docetize) -> [NULL]
LOOKUP(2, rosolite) -> 192.168.1.109:1234_629873
LOOKUP(2, meningoencephalocele) -> 192.168.1.109:1234_629873
LOOKUP(2, seriopantomimic) -> 192.168.1.109:1234_629873
LOOKUP(1, palaeographer) -> 192.168.1.108:1234_123223
LOOKUP(2, concordist) -> 192.168.1.102:1234_982733
LOOKUP(2, newspaperish) -> 192.168.1.102:1234_982733
LOOKUP(3, silicotitanate) -> 192.168.1.102:1234_982733
LOOKUP(2, astragalonavicular) -> 192.168.1.103:1234_823482
LOOKUP(3, enchytraeid) -> 192.168.1.104:1234_712562
LOOKUP(0, astragalonavicular) -> 192.168.1.103:1234_823482
LOOKUP(1, crownbeard) -> [NULL]
LOOKUP(2, tyrology) -> [NULL]
LOOKUP(0, tyrology) -> [NULL]
LOOKUP(1, seriopantomimic) -> 192.168.1.109:1234_629873
LOOKUP(1, airgraphics) -> [NULL]
LOOKUP(2, unidentifiably) -> 192.168.1.107:1234_379872
LOOKUP(0, correlativity) -> [NULL]
LOOKUP(3, tyrology) -> [NULL]
LOOKUP(0, precant) -> [NULL]
LOOKUP(3, enchytraeid) -> 192.168.1.104:1234_712562
LOOKUP(1, vervelle) -> [NULL]
LOOKUP(2, stenostomia) -> [NULL]
LOOKUP(3, thirstful) -> [NULL]
LOOKUP(1, Teloogoo) -> [NULL]
LOOKUP(2, eradicable) -> 192.168.1.104:1234_712562
LOOKUP(0, myodynamics) -> 192.168.1.102:1234_982733
LOOKUP(0, hesperidin) -> 192.168.1.104:1234_712562
LOOKUP(0, retile) -> 192.168.1.109:1234_629873
LOOKUP(1, enchytraeid) -> 192.168.1.104:1234_712562
LOOKUP(2, Lethocerus) -> [NULL]
LOOKUP(2, arachidonic) -> [NULL]
LOOKUP(2, mannan) -> 192.168.1.101:1234_267346
LOOKUP(0, feuille) -> 192.168.1.104:1234_712562
LOOKUP(0, worldful) -> [NULL]
LOOKUP(2, dime) -> 192.168.1.104:1234_712562
LOOKUP(0, gabioned) -> [NULL]
LOOKUP(0, monosilane) -> 192.168.1.108:1234_123223
LOOKUP(1, upwaft) -> [NULL]
LOOKUP(2, Gigartina) -> [NULL]
LOOKUP(2, silicotitanate) -> 192.168.1.105:1234_127834
LOOKUP(0, nonpacifist) -> 192.168.1.102:1234_982733
LOOKUP(2, placentate) -> [NULL]
LOOKUP(1, greaseproofness) -> 192.168.1.107:1234_379872
LOOKUP(1, gabioned) -> 192.168.1.108:1234_123223
LOOKUP(3, jumboesque) -> [NULL]
LOOKUP(2, pycniospore) -> 192.168.1.101:1234_267346
LOOKUP(3, perhazard) -> 192.168.1.108:1234_123223
LOOKUP(1, myodynamics) -> 192.168.1.102:1234_982733
LOOKUP(1, Lethocerus) -> [NULL]
LOOKUP(0, trinitroresorcin) -> 192.168.1.101:1234_267346
LOOKUP(1, undistended) -> [NULL]
LOOKUP(3, palaeographer) -> 192.168.1.108:1234_123223
LOOKUP(0, Teloogoo) -> [NULL]
LOOKUP(1, precant) -> [NULL]
LOOKUP(1, christcross) -> 192.168.1.102:1234_982733
LOOKUP(1, mannan) -> 192.168.1.101:1234_267346
LOOKUP(0, phonodynamograph) -> [NULL]
LOOKUP(3, airgraphics) -> [NULL]
LOOKUP(2, incident) -> [NULL]
LOOKUP(3, silicotitanate) -> 192.168.1.101:1234_267346
LOOKUP(1, ranklingly) -> 192.168.1.101:1234_267346
LOOKUP(3, mannan) -> 192.168.1.101:1234_267346
LOOKUP(1, polyglotter) -> [NULL]
LOOKUP(0, bountyless) -> 192.168.1.100:1234_282298
LOOKUP(3, silicotitanate) -> 192.168.1.101:1234_267346
LOOKUP(0, insomnolency) -> [NULL]
LOOKUP(3, millstream) -> 192.168.1.108:1234_123223
LOOKUP(2, vervelle) -> 192.168.1.106:1234_928734
LOOKUP(2, snoove) -> 192.168.1.101:1234_267346
LOOKUP(1, silicotitanate) -> 192.168.1.101:1234_267346
LOOKUP(0, prevailingly) -> [NULL]
LOOKUP(1, labyrinthodontid) -> 192.168.1.101:1234_267346
LOOKUP(0, mannan) -> 192.168.1.101:1234_267346
LOOKUP(2, incident) -> [NULL]
LOOKUP(1, iridoconstrictor) -> [NULL]
LOOKUP(2, worldful) -> [NULL]
LOOKUP(2, Ampelosicyos) -> [NULL]
LOOKUP(3, unsocially) -> 192.168.1.106:1234_928734
LOOKUP(1, ranklingly) -> 192.168.1.101:1234_267346
LOOKUP(3, thirstful) -> 192.168.1.106:1234_928734
LOOKUP(1, bountyless) -> 192.168.1.100:1234_282298
LOOKUP(2, backspread) -> 192.168.1.107:1234_379872
LOOKUP(0, Gigartina) -> [NULL]
LOOKUP(3, scurrilize) -> [NULL]
LOOKUP(0, forbearingly) -> 192.168.1.108:1234_123223
LOOKUP(3, palaeographer) -> 192.168.1.108:1234_123223
LOOKUP(0, christcross) -> 192.168.1.102:1234_982733
LOOKUP(1, mannan) -> 192.168.1.101:1234_267346
LOOKUP(0, crownbeard) -> [NULL]
LOOKUP(3, rosolite) -> [NULL]
LOOKUP(1, precant) -> [NULL]
LOOKUP(3, airgraphics) -> 192.168.1.103:1234_823482
LOOKUP(1, bountyless) -> 192.168.1.100:1234_282298
LOOKUP(1, prevailingly) -> [NULL]
LOOKUP(1, Docetize) -> [NULL]
LOOKUP(0, greaseproofness) -> [NULL]
LOOKUP(1, dapperly) -> 192.168.1.110:1234_832333
LOOKUP(1, dime) -> [NULL]
LOOKUP(3, Gigartina) -> [NULL]
LOOKUP(0, millstream) -> 192.168.1.102:1234_982733
LOOKUP(0, Ampelosicyos) -> [NULL]
LOOKUP(2, labyrinthodontid) -> 192.168.1.101:1234_267346
LOOKUP(0, seriopantomimic) -> [NULL]
LOOKUP(1, occipitomastoid) -> 192.168.1.103:1234_823482
LOOKUP(1, unsocially) -> 192.168.1.106:1234_928734
LOOKUP(3, undistended) -> [NULL]
LOOKUP(2, forbearingly) -> 192.168.1.105:1234_127834
LOOKUP(3, silicotitanate) -> 192.168.1.106:1234_928734
LOOKUP(3, phonodynamograph) -> 192.168.1.100:1234_282298
LOOKUP(0, hardback) -> 192.168.1.101:1234_267346
LOOKUP(1, loving) -> 192.168.1.101:1234_267346
LOOKUP(3, protopatrician) -> 192.168.1.101:1234_267346
LOOKUP(1, labyrinthodontid) -> 192.168.1.101:1234_267346
LOOKUP(0, torturing) -> [NULL]
LOOKUP(3, Lethocerus) -> 192.168.1.102:1234_982733
LOOKUP(2, christcross) -> 192.168.1.102:1234_982733
LOOKUP(2, myodynamics) -> 192.168.1.104:1234_712562
LOOKUP(2, correlativity) -> 192.168.1.108:1234_123223
LOOKUP(1, tyrology) -> 192.168.1.104:1234_712562
LOOKUP(3, regenerateness) -> [NULL]
LOOKUP(1, thirstful) -> [NULL]
LOOKUP(0, christcross) -> 192.168.1.102:1234_982733
LOOKUP(0, organizatory) -> 192.168.1.103:1234_823482
LOOKUP(2, greaseproofness) -> 192.168.1.101:1234_267346
LOOKUP(1, Gigartina) -> [NULL]
LOOKUP(3, perhazard) -> [NULL]
LOOKUP(3, myodynamics) -> 192.168.1.110:1234_832333
LOOKUP(3, trinitroresorcin) -> [NULL]
LOOKUP(3, Teloogoo) -> 192.168.1.102:1234_982733
LOOKUP(3, undistended) -> 192.168.1.104:1234_712562
LOOKUP(0, Lethocerus) -> [NULL]
LOOKUP(1, horsewhipper) -> [NULL]
LOOKUP(1, spiflicated) -> [NULL]
LOOKUP(0, unidentifiably) -> 192.168.1.109:1234_629873
LOOKUP(2, Syriarch) -> 192.168.1.102:1234_982733
LOOKUP(2, tyrology) -> 192.168.1.104:1234_712562
LOOKUP(1, ranklingly) -> 192.168.1.102:1234_982733
LOOKUP(2, horsewhipper) -> [NULL]
LOOKUP(1, ranklingly) -> 192.168.1.102:1234_982733
LOOKUP(2, placentate) -> 192.168.1.106:1234_928734
LOOKUP(3, correlativity) -> 192.168.1.105:1234_127834
LOOKUP(0, trinitroresorcin) -> [NULL]
LOOKUP(2, gabioned) -> 192.168.1.103:1234_823482
LOOKUP(3, hesperidin) -> 192.168.1.101:1234_267346
LOOKUP(0, thirstful) -> [NULL]
LOOKUP(0, cerulein) -> [NULL]
LOOKUP(0, Docetize) -> [NULL]
LOOKUP(2, jumboesque) -> 192.168.1.101:1234_267346
LOOKUP(0, arachidonic) -> 192.168.1.109:1234_629873
LOOKUP(2, christcross) -> 192.168.1.102:1234_982733
LOOKUP(2, subcylindrical) -> 192.168.1.100:1234_282298
LOOKUP(3, uncloak) -> 192.168.1.104:1234_712562
LOOKUP(0, biophysics) -> [NULL]
LOOKUP(0, vervelle) -> [NULL]
LOOKUP(1, cerulein) -> [NULL]
LOOKUP(1, dapperly) -> 192.168.1.105:1234_127834
LOOKUP(0, forbearingly) -> 192.168.1.103:1234_823482
LOOKUP(1, dime) -> [NULL]
LOOKUP(1, snoove) -> [NULL]
LOOKUP(2, stenostomia) -> 192.168.1.100:1234_282298
LOOKUP(3, myodynamics) -> 192.168.1.101:1234_267346
LOOKUP(3, biophysics) -> [NULL]
LOOKUP(3, polyglotter) -> 192.168.1.106:1234_928734
LOOKUP(0, incident) -> 192.168.1.102:1234_982733
LOOKUP(2, hyposynaphe) -> 192.168.1.103:1234_823482
LOOKUP(2, arachidonic) -> 192.168.1.109:1234_629873
LOOKUP(0, horsewhipper) -> 192.168.1.103:1234_823482
LOOKUP(2, meningoencephalocele) -> [NULL]
LOOKUP(3, scurrilize) -> 192.168.1.100:1234_282298
LOOKUP(3, phonodynamograph) -> 192.168.1.106:1234_928734
LOOKUP(0, placentate) -> 192.168.1.106:1234_928734
LOOKUP(0, acrogynae) -> 192.168.1.102:1234_982733
LOOKUP(0, jumboesque) -> 192.168.1.101:1234_267346
LOOKUP(3, labyrinthodontid) -> 192.168.1.101:1234_267346
LOOKUP(2, feuille) -> [NULL]
LOOKUP(2, trinitroresorcin) -> [NULL]
LOOKUP(3, scurrilize) -> 192.168.1.100:1234_282298
LOOKUP(0, cerulein) -> [NULL]
LOOKUP(3, Lethocerus) -> 192.168.1.102:1234_982733
LOOKUP(1, biophysics) -> [NULL]
LOOKUP(1, palaeographer) -> 192.168.1.107:1234_379872
LOOKUP(0, correlativity) -> 192.168.1.105:1234_127834
LOOKUP(1, phonodynamograph) -> 192.168.1.106:1234_928734
LOOKUP(0, torturing) -> [NULL]
LOOKUP(1, vervelle) -> 192.168.1.109:1234_629873
LOOKUP(0, perhazard) -> 192.168.1.107:1234_379872
LOOKUP(3, torturing) -> [NULL]
LOOKUP(2, airgraphics) -> 192.168.1.102:1234_982733
LOOKUP(0, uncloak) -> 192.168.1.101:1234_267346
LOOKUP(3, myodynamics) -> 192.168.1.101:1234_267346
LOOKUP(0, waterworm) -> [NULL]
LOOKUP(0, jumboesque) -> 192.168.1.101:1234_267346
LOOKUP(0, Lethocerus) -> [NULL]
LOOKUP(2, unsocially) -> 192.168.1.109:1234_629873
LOOKUP(0, millstream) -> 192.168.1.100:1234_282298
LOOKUP(1, beefer) -> [NULL]
LOOKUP(1, protopatrician) -> 192.168.1.106:1234_928734
LOOKUP(1, jumboesque) -> 192.168.1.101:1234_267346
LOOKUP(3, enchytraeid) -> [NULL]
LOOKUP(1, Teloogoo) -> 192.168.1.102:1234_982733
LOOKUP(0, placentate) -> 192.168.1.106:1234_928734
LOOKUP(3, unsocially) -> 192.168.1.109:1234_629873
LOOKUP(1, waterworm) -> [NULL]
LOOKUP(2, silicotitanate) -> 192.168.1.102:1234_982733
LOOKUP(2, concordist) -> 192.168.1.105:1234_127834
LOOKUP(0, millstream) -> 192.168.1.102:1234_982733
LOOKUP(0, iridoconstrictor) -> [NULL]
LOOKUP(3, incident) -> [NULL]
LOOKUP(2, vervelle) -> 192.168.1.109:1234_629873
LOOKUP(2, jumboesque) -> 192.168.1.101:1234_267346
LOOKUP(3, iridoconstrictor) -> [NULL]
LOOKUP(3, Parsism) -> [NULL]
LOOKUP(2, meningoencephalocele) -> [NULL]
LOOKUP(3, phonodynamograph) -> 192.168.1.106:1234_928734
LOOKUP(1, astragalonavicular) -> [NULL]
LOOKUP(2, vervelle) -> 192.168.1.109:1234_629873
LOOKUP(0, subcylindrical) -> [NULL]
LOOKUP(2, correlativity) -> 192.168.1.104:1234_712562
LOOKUP(3, labyrinthodontid) -> 192.168.1.101:1234_267346
LOOKUP(0, eradicable) -> [NULL]
LOOKUP(2, myodynamics) -> 192.168.1.108:1234_123223
LOOKUP(2, loving) -> [NULL]
LOOKUP(0, snoove) -> 192.168.1.107:1234_379872
LOOKUP(3, torturing) -> [NULL]
LOOKUP(1, hardback) -> [NULL]
LOOKUP(2, precant) -> [NULL]
LOOKUP(0, spiflicated) -> [NULL]
LOOKUP(3, phonodynamograph) -> 192.168.1.106:1234_928734
LOOKUP(3, organizatory) -> 192.168.1.100:1234_282298
LOOKUP(0, millstream) -> 192.168.1.102:1234_982733
LOOKUP(3, iridoconstrictor) -> [NULL]
LOOKUP(1, anthracitization) -> 192.168.1.102:1234_982733
LOOKUP(0, christcross) -> 192.168.1.105:1234_127834
LOOKUP(0, enchytraeid) -> [NULL]
LOOKUP(2, deozonization) -> 192.168.1.106:1234_928734
LOOKUP(1, biophysics) -> 192.168.1.100:1234_282298
LOOKUP(2, uncloak) -> [NULL]
LOOKUP(0, nonpacifist) -> 192.168.1.108:1234_123223
LOOKUP(1, polyglotter) -> 192.168.1.102:1234_982733
LOOKUP(2, tyrology) -> [NULL]
LOOKUP(1, overdaringly) -> 192.168.1.100:1234_282298
LOOKUP(0, earnestness) -> [NULL]
LOOKUP(0, pycniospore) -> [NULL]
LOOKUP(3, regenerateness) -> [NULL]
LOOKUP(3, backspread) -> [NULL]
LOOKUP(0, snoove) -> 192.168.1.107:1234_379872
LOOKUP(2, seriopantomimic) -> [NULL]
LOOKUP(1, jumboesque) -> 192.168.1.109:1234_629873
LOOKUP(3, airgraphics) -> 192.168.1.106:1234_928734
LOOKUP(0, christcross) -> 192.168.1.108:1234_123223
LOOKUP(1, insomnolency) -> [NULL]
LOOKUP(1, subcylindrical) -> [NULL]
LOOKUP(1, vervelle) -> 192.168.1.109:1234_629873
LOOKUP(0, horsewhipper) -> [NULL]
LOOKUP(2, uncloak) -> [NULL]
LOOKUP(1, Gigartina) -> 192.168.1.106:1234_928734
LOOKUP(3, insomnolency) -> [NULL]
LOOKUP(2, buscarle) -> [NULL]
LOOKUP(2, perhazard) -> 192.168.1.109:1234_629873
LOOKUP(1, loving) -> 192.168.1.108:1234_123223
LOOKUP(1, prevailingly) -> 192.168.1.103:1234_823482
LOOKUP(1, uncloak) -> [NULL]
LOOKUP(1, acrogynae) -> 192.168.1.106:1234_928734
LOOKUP(3, deozonization) -> 192.168.1.106:1234_928734
LOOKUP(3, dapperly) -> 192.168.1.110:1234_832333
LOOKUP(1, Carcharodon) -> 192.168.1.106:1234_928734
LOOKUP(1, cerulein) -> [NULL]
LOOKUP(3, coastal) -> 192.168.1.105:1234_127834
LOOKUP(1, Carcharodon) -> [NULL]
LOOKUP(1, deozonization) -> 192.168.1.106:1234_928734
LOOKUP(0, newspaperish) -> 192.168.1.108:1234_123223
LOOKUP(1, polyglotter) -> 192.168.1.102:1234_982733
LOOKUP(0, biophysics) -> 192.168.1.100:1234_282298
LOOKUP(0, stenostomia) -> [NULL]
LOOKUP(3, expansional) -> [NULL]
LOOKUP(1, tyrology) -> [NULL]
LOOKUP(2, expansional) -> [NULL]
LOOKUP(0, silicotitanate) -> 192.168.1.107:1234_379872
LOOKUP(0, precant) -> 192.168.1.103:1234_823482
LOOKUP(2, meningoencephalocele) -> 192.168.1.100:1234_282298
LOOKUP(2, bountyless) -> 192.168.1.100:1234_282298
LOOKUP(0, crownbeard) -> 192.168.1.110:1234_832333
LOOKUP(1, deozonization) -> 192.168.1.106:1234_928734
LOOKUP(1, sarcoma) -> 192.168.1.103:1234_823482
LOOKUP(0, Docetize) -> [NULL]
LOOKUP(1, sarcoma) -> 192.168.1.103:1234_823482
LOOKUP(1, ranklingly) -> 192.168.1.103:1234_823482
LOOKUP(0, Lethocerus) -> 192.168.1.106:1234_928734
LOOKUP(3, gabioned) -> 192.168.1.106:1234_928734
LOOKUP(1, dime) -> 192.168.1.106:1234_928734
LOOKUP(3, arachidonic) -> 192.168.1.106:1234_928734
LOOKUP(0, monosilane) -> 192.168.1.103:1234_823482
LOOKUP(1, overdaringly) -> 192.168.1.102:1234_982733
LOOKUP(3, greaseproofness) -> [NULL]
LOOKUP(3, pycniospore) -> 192.168.1.103:1234_823482
LOOKUP(0, uncloak) -> [NULL]
LOOKUP(3, beefer) -> 192.168.1.107:1234_379872
LOOKUP(3, crownbeard) -> 192.168.1.105:1234_127834
LOOKUP(1, Ampelosicyos) -> [NULL]
LOOKUP(1, organizatory) -> 192.168.1.102:1234_982733
LOOKUP(2, beefer) -> 192.168.1.107:1234_379872
LOOKUP(1, horsewhipper) -> [NULL]
LOOKUP(1, buscarle) -> 192.168.1.105:1234_127834
LOOKUP(0, acrogynae) -> 192.168.1.106:1234_928734
LOOKUP(0, unperplexing) -> [NULL]
LOOKUP(0, tyrology) -> [NULL]
LOOKUP(3, airgraphics) -> 192.168.1.106:1234_928734
LOOKUP(2, scurrilize) -> 192.168.1.103:1234_823482
LOOKUP(1, Docetize) -> [NULL]
LOOKUP(3, rosolite) -> 192.168.1.103:1234_823482
LOOKUP(2, expansional) -> 192.168.1.106:1234_928734
LOOKUP(0, unidentifiably) -> [NULL]
LOOKUP(2, earnestness) -> 192.168.1.106:1234_928734
LOOKUP(2, monosilane) -> 192.168.1.108:1234_123223
LOOKUP(2, upwaft) -> [NULL]
LOOKUP(1, occipitomastoid) -> 192.168.1.101:1234_267346
LOOKUP(2, meningoencephalocele) -> 192.168.1.109:1234_629873
LOOKUP(2, Syriarch) -> 192.168.1.101:1234_267346
LOOKUP(3, Docetize) -> [NULL]
LOOKUP(0, biophysics) -> 192.168.1.110:1234_832333
LOOKUP(1, palaeographer) -> 192.168.1.101:1234_267346
LOOKUP(0, vervelle) -> 192.168.1.102:1234_982733
LOOKUP(3, uncloak) -> [NULL]
LOOKUP(0, arachidonic) -> 192.168.1.108:1234_123223
LOOKUP(2, Docetize) -> [NULL]
LOOKUP(2, cerulein) -> 192.168.1.105:1234_127834
LOOKUP(2, expansional) -> 192.168.1.108:1234_123223
LOOKUP(1, prevailingly) -> 192.168.1.103:1234_823482
LOOKUP(2, polyglotter) -> 192.168.1.103:1234_823482
LOOKUP(2, greaseproofness) -> [NULL]
LOOKUP(2, insomnolency) -> 192.168.1.102:1234_982733
LOOKUP(2, dapperly) -> 192.168.1.106:1234_928734
LOOKUP(0, correlativity) -> 192.168.1.106:1234_928734
LOOKUP(3, cerulein) -> 192.168.1.100:1234_282298
LOOKUP(1, unsocially) -> 192.168.1.102:1234_982733
LOOKUP(2, torturing) -> [NULL]
LOOKUP(0, beefer) -> 192.168.1.107:1234_379872
LOOKUP(0, rosolite) -> 192.168.1.103:1234_823482
LOOKUP(0, greaseproofness) -> [NULL]
LOOKUP(0, Lethocerus) -> 192.168.1.101:1234_267346
LOOKUP(0, Teloogoo) -> 192.168.1.101:1234_267346
LOOKUP(3, ranklingly) -> 192.168.1.103:1234_823482
LOOKUP(1, airgraphics) -> 192.168.1.105:1234_127834
LOOKUP(0, undistended) -> [NULL]
LOOKUP(0, monosilane) -> 192.168.1.108:1234_123223
LOOKUP(1, Docetize) -> 192.168.1.105:1234_127834
LOOKUP(0, incident) -> 192.168.1.102:1234_982733
LOOKUP(3, worldful) -> 192.168.1.103:1234_823482
LOOKUP(2, insomnolency) -> 192.168.1.102:1234_982733
LOOKUP(0, nonpacifist) -> [NULL]
LOOKUP(0, unsocially) -> 192.168.1.102:1234_982733
LOOKUP(3, tyrology) -> [NULL]
LOOKUP(0, unsocially) -> 192.168.1.102:1234_982733
LOOKUP(1, torturing) -> [NULL]
LOOKUP(1, thirstful) -> [NULL]
LOOKUP(0, bountyless) -> 192.168.1.110:1234_832333
LOOKUP(3, beefer) -> 192.168.1.101:1234_267346
LOOKUP(0, Gigartina) -> 192.168.1.105:1234_127834
LOOKUP(0, vervelle) -> 192.168.1.102:1234_982733
LOOKUP(1, sarcoma) -> 192.168.1.103:1234_823482
LOOKUP(2, thirstful) -> [NULL]
LOOKUP(2, gabioned) -> 192.168.1.100:1234_282298
LOOKUP(2, airgraphics) -> 192.168.1.105:1234_127834
LOOKUP(3, coastal) -> [NULL]
LOOKUP(0, Parsism) -> 192.168.1.105:1234_127834
LOOKUP(3, cerulein) -> 192.168.1.103:1234_823482
LOOKUP(3, protopatrician) -> 192.168.1.109:1234_629873
LOOKUP(0, Parsism) -> 192.168.1.105:1234_127834
LOOKUP(0, snoove) -> [NULL]
LOOKUP(2, overdaringly) -> [NULL]
LOOKUP(0, cerulein) -> 192.168.1.103:1234_823482
LOOKUP(0, newspaperish) -> [NULL]
LOOKUP(3, monosilane) -> 192.168.1.108:1234_123223
LOOKUP(1, feuille) -> 192.168.1.107:1234_379872
LOOKUP(2, superexpansion) -> [NULL]
LOOKUP(2, upwaft) -> 192.168.1.102:1234_982733
LOOKUP(3, labyrinthodontid) -> [NULL]
LOOKUP(0, Gigartina) -> 192.168.1.105:1234_127834
LOOKUP(3, snoove) -> [NULL]
LOOKUP(3, undistended) -> [NULL]
LOOKUP(1, protopatrician) -> 192.168.1.109:1234_629873
LOOKUP(2, tyrology) -> [NULL]
LOOKUP(2, silicotitanate) -> [NULL]
LOOKUP(2, horsewhipper) -> [NULL]
LOOKUP(0, unsocially) -> 192.168.1.102:1234_982733
LOOKUP(3, palaeographer) -> [NULL]
LOOKUP(0, monosilane) -> 192.168.1.102:1234_982733
LOOKUP(2, deozonization) -> 192.168.1.105:1234_127834
LOOKUP(1, anthracitization) -> [NULL]
LOOKUP(2, placentate) -> 192.168.1.108:1234_123223
LOOKUP(0, loving) -> [NULL]
LOOKUP(3, expansional) -> 192.168.1.107:1234_379872
LOOKUP(2, crownbeard) -> [NULL]
LOOKUP(2, coastal) -> 192.168.1.110:1234_832333
LOOKUP(0, perhazard) -> [NULL]
LOOKUP(3, waterworm) -> [NULL]
LOOKUP(0, Gigartina) -> 192.168.1.105:1234_127834
LOOKUP(3, precant) -> 192.168.1.108:1234_123223
LOOKUP(2, thirstful) -> [NULL]
LOOKUP(2, trinitroresorcin) -> [NULL]
LOOKUP(2, hyposynaphe) -> [NULL]
LOOKUP(2, trinitroresorcin) -> [NULL]
LOOKUP(0, dapperly) -> [NULL]
LOOKUP(1, iridoconstrictor) -> [NULL]
LOOKUP(1, subcylindrical) -> [NULL]
LOOKUP(1, polyglotter) -> 192.168.1.108:1234_123223
LOOKUP(2, phonodynamograph) -> 192.168.1.108:1234_123223
LOOKUP(3, waterworm) -> [NULL]
LOOKUP(0, arachidonic) -> [NULL]
LOOKUP(3, retile) -> 192.168.1.105:1234_127834
LOOKUP(2, dime) -> 192.168.1.105:1234_127834
LOOKUP(0, nonpacifist) -> [NULL]
LOOKUP(1, undistended) -> [NULL]
LOOKUP(3, waterworm) -> [NULL]
LOOKUP(3, Carcharodon) -> 192.168.1.105:1234_127834
LOOKUP(3, coastal) -> 192.168.1.107:1234_379872
LOOKUP(1, eradicable) -> 192.168.1.107:1234_379872
LOOKUP(1, insomnolency) -> [NULL]
LOOKUP(2, horsewhipper) -> 192.168.1.110:1234_832333
LOOKUP(3, bountyless) -> 192.168.1.106:1234_928734
LOOKUP(3, loving) -> [NULL]
LOOKUP(3, arachidonic) -> [NULL]
LOOKUP(2, perhazard) -> 192.168.1.107:1234_379872
LOOKUP(1, superexpansion) -> 192.168.1.109:1234_629873
LOOKUP(0, prevailingly) -> 192.168.1.100:1234_282298
LOOKUP(3, spiflicated) -> [NULL]
LOOKUP(3, bountyless) -> 192.168.1.106:1234_928734
LOOKUP(0, arachidonic) -> [NULL]
LOOKUP(2, earnestness) -> 192.168.1.107:1234_379872
LOOKUP(2, retile) -> 192.168.1.105:1234_127834
LOOKUP(2, deozonization) -> 192.168.1.103:1234_823482
LOOKUP(2, worldful) -> 192.168.1.106:1234_928734
LOOKUP(2, mannan) -> [NULL]
LOOKUP(3, christcross) -> 192.168.1.107:1234_379872
LOOKUP(0, iridoconstrictor) -> [NULL]
LOOKUP(2, gabioned) -> [NULL]
LOOKUP(3, worldful) -> 192.168.1.106:1234_928734
LOOKUP(2, loving) -> [NULL]
LOOKUP(0, Ampelosicyos) -> [NULL]
LOOKUP(3, ranklingly) -> 192.168.1.105:1234_127834
LOOKUP(0, seriopantomimic) -> 192.168.1.105:1234_127834
LOOKUP(1, Parsism) -> 192.168.1.100:1234_282298
LOOKUP(0, worldful) -> 192.168.1.106:1234_928734
LOOKUP(1, Gigartina) -> 192.168.1.100:1234_282298
LOOKUP(1, arachidonic) -> [NULL]
LOOKUP(3, backspread) -> [NULL]
LOOKUP(3, unsocially) -> [NULL]
LOOKUP(2, iridoconstrictor) -> [NULL]
LOOKUP(3, polyglotter) -> [NULL]
LOOKUP(2, labyrinthodontid) -> [NULL]
LOOKUP(3, concordist) -> 192.168.1.107:1234_379872
LOOKUP(0, polyglotter) -> [NULL]
LOOKUP(3, Syriarch) -> 192.168.1.100:1234_282298
LOOKUP(3, forbearingly) -> 192.168.1.100:1234_282298
LOOKUP(2, greaseproofness) -> 192.168.1.107:1234_379872
LOOKUP(1, stenostomia) -> [NULL]
LOOKUP(1, unsocially) -> [NULL]
LOOKUP(0, bountyless) -> 192.168.1.106:1234_928734
LOOKUP(1, expansional) -> 192.168.1.107:1234_379872
LOOKUP(3, placentate) -> 192.168.1.105:1234_127834
LOOKUP(3, subcylindrical) -> [NULL]
LOOKUP(3, regenerateness) -> 192.168.1.105:1234_127834
LOOKUP(3, nonpacifist) -> 192.168.1.106:1234_928734
LOOKUP(0, arachidonic) -> [NULL]
LOOKUP(3, retile) -> 192.168.1.105:1234_127834
LOOKUP(2, precant) -> 192.168.1.105:1234_127834
LOOKUP(1, superexpansion) -> [NULL]
LOOKUP(2, unsocially) -> [NULL]
LOOKUP(1, loving) -> [NULL]
LOOKUP(3, spiflicated) -> [NULL]
LOOKUP(0, concordist) -> 192.168.1.107:1234_379872
LOOKUP(3, Docetize) -> 192.168.1.100:1234_282298
LOOKUP(1, arachidonic) -> [NULL]
LOOKUP(0, incident) -> [NULL]
LOOKUP(2, biophysics) -> 192.168.1.108:1234_123223
LOOKUP(2, mannan) -> 192.168.1.103:1234_823482
LOOKUP(1, snoove) -> 192.168.1.108:1234_123223
LOOKUP(2, millstream) -> 192.168.1.110:1234_832333
LOOKUP(0, incident) -> [NULL]
LOOKUP(3, jumboesque) -> 192.168.1.100:1234_282298
LOOKUP(1, ranklingly) -> 192.168.1.109:1234_629873
LOOKUP(3, rosolite) -> 192.168.1.109:1234_629873
LOOKUP(2, coastal) -> 192.168.1.107:1234_379872
LOOKUP(0, monosilane) -> 192.168.1.110:1234_832333
LOOKUP(1, cerulein) -> 192.168.1.105:1234_127834
LOOKUP(0, uncloak) -> [NULL]
LOOKUP(3, dapperly) -> [NULL]
LOOKUP(2, thirstful) -> 192.168.1.108:1234_123223
LOOKUP(0, nonpacifist) -> 192.168.1.106:1234_928734
LOOKUP(2, airgraphics) -> 192.168.1.105:1234_127834
LOOKUP(1, gabioned) -> [NULL]
LOOKUP(1, acrogynae) -> 192.168.1.105:1234_127834
LOOKUP(1, Syriarch) -> 192.168.1.105:1234_127834
LOOKUP(1, regenerateness) -> 192.168.1.103:1234_823482
LOOKUP(0, anthracitization) -> [NULL]
LOOKUP(2, spiflicated) -> [NULL]
LOOKUP(0, ranklingly) -> 192.168.1.105:1234_127834
LOOKUP(3, millstream) -> 192.168.1.110:1234_832333
LOOKUP(2, Ampelosicyos) -> [NULL]
LOOKUP(0, ranklingly) -> 192.168.1.105:1234_127834
LOOKUP(2, worldful) -> 192.168.1.110:1234_832333
LOOKUP(1, overdaringly) -> [NULL]
LOOKUP(0, airgraphics) -> 192.168.1.105:1234_127834
LOOKUP(0, iridoconstrictor) -> [NULL]
LOOKUP(0, occipitomastoid) -> [NULL]
LOOKUP(2, buscarle) -> 192.168.1.105:1234_127834
