SESSION CALLBACK: Safe
Welcome to the Hyperspace command interpreter.  Hyperspace
is a global namespace and lock service for loosely-coupled
distributed systems.  Type 'help' for a description of commands.


<< BasicTest >>

<< NotificationTest >>

<< LockTest >>
open lockfile flags=READ|WRITE|LOCK
lock lockfile EXCLUSIVE
SEQUENCER name=/lockfile mode=2 generation=3
release lockfile
lock lockfile SHARED
SEQUENCER name=/lockfile mode=1 generation=5
release lockfile
quit
