SESSION CALLBACK: Safe
Welcome to the Hyperspace command interpreter.  Hyperspace
is a global namespace and lock service for loosely-coupled
distributed systems.  Type 'help' for a description of commands.


<< BasicTest >>

<< NotificationTest >>
mkdir dir1/foo
delete dir1/foo
open dir1 flags=READ|WRITE|LOCK
attrset dir1 fox="Hello, World!"
attrget dir1 fox
Hello, World!
attrdel dir1 fox
lock dir1 EXCLUSIVE
SEQUENCER name=/dir1 mode=2 generation=2
release dir1
close dir1
delete dir1

<< LockTest >>
open lockfile flags=READ|WRITE|LOCK
lock lockfile EXCLUSIVE
SEQUENCER name=/lockfile mode=2 generation=2
release lockfile
lock lockfile SHARED
SEQUENCER name=/lockfile mode=1 generation=4
release lockfile
trylock lockfile EXCLUSIVE
SEQUENCER name=/lockfile mode=2 generation=6
release lockfile
release lockfile
close lockfile

<< EphemeralFileTest >>
open dir1/foo flags=READ|CREATE|WRITE|TEMP
close dir1/foo

<< SessionExpirationTest >>
open dir1/foo flags=READ|CREATE|WRITE|TEMP
open dir1 flags=READ|WRITE|LOCK
lock dir1 EXCLUSIVE
SEQUENCER name=/dir1 mode=2 generation=2
